// Jest Snapshot v1, https://goo.gl/fbAQLP

exports[`render can output svg 1`] = `"<svg width=\\"477\\" height=\\"409.0908203125\\" xmlns=\\"http://www.w3.org/2000/svg\\"><defs id=\\"defs_1\\"></defs><g opacity=\\"1\\" transform=\\"matrix(1,0,0,1,15,15)\\"><g opacity=\\"1\\" class=\\"er__relations\\"><path opacity=\\"1\\" stroke-width=\\"1\\" stroke-opacity=\\"1\\" fill-opacity=\\"1\\" d=\\"M 187.33333333333334 50L 99.5 100L 99.5 150\\" stroke=\\"#3b4044\\" stroke-linejoin=\\"round\\" fill=\\"none\\"></path><path opacity=\\"0.85\\" stroke-width=\\"1\\" stroke-opacity=\\"1\\" fill-opacity=\\"1\\" d=\\"M 110.81892352164402,69.91388218644552 l 48,0 l 0,21.9609375 l-48 0 z\\" fill=\\"#f8f8f2\\" id=\\"#rel1\\" stroke=\\"none\\" class=\\"label-bg\\"></path><text alignment-baseline=\\"central\\" text-anchor=\\"middle\\" opacity=\\"1\\" stroke-width=\\"1\\" stroke-opacity=\\"1\\" fill-opacity=\\"1\\" x=\\"134.81892352164402\\" y=\\"79.89435093644552\\" font-size=\\"14\\" font-family=\\"sans-serif\\" font-style=\\"normal\\" font-weight=\\"normal\\" font-variant=\\"normal\\" id=\\"rel1\\" fill=\\"#3b4044\\" paint-order=\\"stroke\\" style=\\"stroke-linecap:butt; stroke-linejoin:miter;\\" stroke=\\"none\\" class=\\"er__relationship-label\\">places</text><path opacity=\\"1\\" stroke-width=\\"1\\" stroke-opacity=\\"1\\" fill-opacity=\\"1\\" d=\\"M9,-9 L9,9 M15,-9 L15,9\\" stroke=\\"#3b4044\\" id=\\"CUSTOMERplacesORDER-start\\" fill=\\"none\\" class=\\"er-marker er-marker--only-one\\" transform=\\"matrix(-0.869053840637207,0.494717538356781,-0.494717538356781,-0.869053840637207,187.3333282470703,50)\\"></path><g opacity=\\"1\\" class=\\"er-marker er-marker--zero-or-more\\" transform=\\"matrix(6.123234262925839e-17,-1,1,6.123234262925839e-17,99.5,150)\\"><circle opacity=\\"1\\" stroke-width=\\"1\\" stroke-opacity=\\"1\\" fill-opacity=\\"1\\" cx=\\"28\\" cy=\\"0\\" r=\\"6\\" stroke=\\"#3b4044\\" id=\\"CUSTOMERplacesORDER-end\\" fill=\\"#fff\\"></circle><path opacity=\\"1\\" stroke-width=\\"1\\" stroke-opacity=\\"1\\" fill-opacity=\\"1\\" stroke=\\"#3b4044\\" id=\\"CUSTOMERplacesORDER-end\\" d=\\"M-18,0 Q 0,18 18,0 Q 0,-18 -18,0\\" fill=\\"none\\"></path></g><path opacity=\\"1\\" stroke-width=\\"1\\" stroke-opacity=\\"1\\" fill-opacity=\\"1\\" d=\\"M 99.5 229.0908203125L 99.5 279.0908203125L 99.5 329.0908203125\\" stroke=\\"#3b4044\\" stroke-linejoin=\\"round\\" fill=\\"none\\"></path><path opacity=\\"0.85\\" stroke-width=\\"1\\" stroke-opacity=\\"1\\" fill-opacity=\\"1\\" d=\\"M 69.5,260.4296875 l 60,0 l 0,19.322265625 l-60 0 z\\" fill=\\"#f8f8f2\\" id=\\"#rel2\\" stroke=\\"none\\" class=\\"label-bg\\"></path><text alignment-baseline=\\"central\\" text-anchor=\\"middle\\" opacity=\\"1\\" stroke-width=\\"1\\" stroke-opacity=\\"1\\" fill-opacity=\\"1\\" x=\\"99.5\\" y=\\"269.0908203125\\" font-size=\\"14\\" font-family=\\"sans-serif\\" font-style=\\"normal\\" font-weight=\\"normal\\" font-variant=\\"normal\\" id=\\"rel2\\" fill=\\"#3b4044\\" paint-order=\\"stroke\\" style=\\"stroke-linecap:butt; stroke-linejoin:miter;\\" stroke=\\"none\\" class=\\"er__relationship-label\\">contains</text><path opacity=\\"1\\" stroke-width=\\"1\\" stroke-opacity=\\"1\\" fill-opacity=\\"1\\" d=\\"M9,-9 L9,9 M15,-9 L15,9\\" stroke=\\"#3b4044\\" id=\\"ORDERcontainsLINE-ITEM-start\\" fill=\\"none\\" class=\\"er-marker er-marker--only-one\\" transform=\\"matrix(6.123234262925839e-17,1,-1,6.123234262925839e-17,99.5,229.0908203125)\\"></path><path opacity=\\"1\\" stroke-width=\\"1\\" stroke-opacity=\\"1\\" fill-opacity=\\"1\\" d=\\"M-18,0 Q 0,18 18,0 Q 0,-18 -18,0 M24,-9 L24,9\\" stroke=\\"#3b4044\\" id=\\"ORDERcontainsLINE-ITEM-end\\" fill=\\"none\\" class=\\"er-marker er-marker--one-or-more\\" transform=\\"matrix(6.123234262925839e-17,-1,1,6.123234262925839e-17,99.5,329.0908203125)\\"></path><path opacity=\\"1\\" stroke-width=\\"1\\" stroke-opacity=\\"1\\" fill-opacity=\\"1\\" d=\\"M 275.1666666666667 50L 363 100L 363 164.54541015625\\" stroke=\\"#3b4044\\" stroke-linejoin=\\"round\\" stroke-dasharray=\\"4,4\\" fill=\\"none\\"></path><path opacity=\\"0.85\\" stroke-width=\\"1\\" stroke-opacity=\\"1\\" fill-opacity=\\"1\\" d=\\"M 314.23737420505273,75.37621441345506 l 37,0 l 0,16.79296875 l-37 0 z\\" fill=\\"#f8f8f2\\" id=\\"#rel3\\" stroke=\\"none\\" class=\\"label-bg\\"></path><text alignment-baseline=\\"central\\" text-anchor=\\"middle\\" opacity=\\"1\\" stroke-width=\\"1\\" stroke-opacity=\\"1\\" fill-opacity=\\"1\\" x=\\"332.73737420505273\\" y=\\"82.77269878845506\\" font-size=\\"14\\" font-family=\\"sans-serif\\" font-style=\\"normal\\" font-weight=\\"normal\\" font-variant=\\"normal\\" id=\\"rel3\\" fill=\\"#3b4044\\" paint-order=\\"stroke\\" style=\\"stroke-linecap:butt; stroke-linejoin:miter;\\" stroke=\\"none\\" class=\\"er__relationship-label\\">uses</text><path opacity=\\"1\\" stroke-width=\\"1\\" stroke-opacity=\\"1\\" fill-opacity=\\"1\\" d=\\"M-18,0 Q 0,18 18,0 Q 0,-18 -18,0 M24,-9 L24,9\\" stroke=\\"#3b4044\\" id=\\"CUSTOMERusesDELIVERY-ADDRESS-start\\" fill=\\"none\\" class=\\"er-marker er-marker--one-or-more\\" transform=\\"matrix(0.869053840637207,0.494717538356781,-0.494717538356781,0.869053840637207,275.1666564941406,50)\\"></path><path opacity=\\"1\\" stroke-width=\\"1\\" stroke-opacity=\\"1\\" fill-opacity=\\"1\\" d=\\"M-18,0 Q 0,18 18,0 Q 0,-18 -18,0 M24,-9 L24,9\\" stroke=\\"#3b4044\\" id=\\"CUSTOMERusesDELIVERY-ADDRESS-end\\" fill=\\"none\\" class=\\"er-marker er-marker--one-or-more\\" transform=\\"matrix(6.123234262925839e-17,-1,1,6.123234262925839e-17,363,164.54541015625)\\"></path></g><g opacity=\\"1\\" class=\\"er__entity\\"><path opacity=\\"1\\" stroke-width=\\"1\\" stroke-opacity=\\"1\\" fill-opacity=\\"1\\" d=\\"M 178.5,0 l 105,0 a 2,2,0,0,1,2,2 l 0,46 a 2,2,0,0,1,-2,2 l -105,0 a 2,2,0,0,1,-2,-2 l 0,-46 a 2,2,0,0,1,2,-2 z\\" fill=\\"#fdb05e\\" stroke=\\"#3b4044\\" class=\\"er__entity-box\\"></path><text alignment-baseline=\\"central\\" text-anchor=\\"middle\\" opacity=\\"1\\" stroke-width=\\"1\\" stroke-opacity=\\"1\\" fill-opacity=\\"1\\" x=\\"176.5\\" y=\\"0\\" font-size=\\"14\\" font-family=\\"sans-serif\\" font-style=\\"normal\\" font-weight=\\"bold\\" font-variant=\\"normal\\" fill=\\"#3b4044\\" width=\\"79\\" height=\\"10.609375\\" id=\\"entity-CUSTOMER\\" paint-order=\\"stroke\\" style=\\"stroke-linecap:butt; stroke-linejoin:miter;\\" stroke=\\"none\\" class=\\"er__entity-label\\" transform=\\"matrix(1,0,0,1,54.5,25)\\">CUSTOMER</text><g opacity=\\"1\\"></g></g><g opacity=\\"1\\" class=\\"er__entity\\"><path opacity=\\"1\\" stroke-width=\\"1\\" stroke-opacity=\\"1\\" fill-opacity=\\"1\\" d=\\"M 1.5,149.45458984375 l 195,0 a 2,2,0,0,1,2,2 l 0,75.0908203125 a 2,2,0,0,1,-2,2 l -195,0 a 2,2,0,0,1,-2,-2 l 0,-75.0908203125 a 2,2,0,0,1,2,-2 z\\" fill=\\"#fdb05e\\" stroke=\\"#3b4044\\" class=\\"er__entity-box\\"></path><text alignment-baseline=\\"central\\" text-anchor=\\"middle\\" opacity=\\"1\\" stroke-width=\\"1\\" stroke-opacity=\\"1\\" fill-opacity=\\"1\\" x=\\"-0.5\\" y=\\"149.45458984375\\" font-size=\\"14\\" font-family=\\"sans-serif\\" font-style=\\"normal\\" font-weight=\\"bold\\" font-variant=\\"normal\\" fill=\\"#3b4044\\" width=\\"50\\" height=\\"10.609375\\" id=\\"entity-ORDER\\" paint-order=\\"stroke\\" style=\\"stroke-linecap:butt; stroke-linejoin:miter;\\" stroke=\\"none\\" class=\\"er__entity-label\\" transform=\\"matrix(1,0,0,1,99.5,12.8046875)\\">ORDER</text><g opacity=\\"1\\"><path opacity=\\"1\\" stroke-width=\\"1\\" stroke-opacity=\\"1\\" fill-opacity=\\"1\\" d=\\"M -0.5,175.06396484375 l 33,0 l 0,53.4814453125 l-33 0 z\\" fill=\\"#fffbf9\\" stroke=\\"#3b4044\\"></path><path opacity=\\"1\\" stroke-width=\\"1\\" stroke-opacity=\\"1\\" fill-opacity=\\"1\\" d=\\"M 32.5,200.40673828125 l 50,0 l 0,28.138671875 l-50 0 z\\" fill=\\"#fffbf9\\" stroke=\\"#3b4044\\"></path><path opacity=\\"1\\" stroke-width=\\"1\\" stroke-opacity=\\"1\\" fill-opacity=\\"1\\" d=\\"M 82.5,200.40673828125 l 116,0 l 0,28.138671875 l-116 0 z\\" fill=\\"#fffbf9\\" stroke=\\"#3b4044\\"></path><path opacity=\\"1\\" stroke-width=\\"1\\" stroke-opacity=\\"1\\" fill-opacity=\\"1\\" d=\\"M 32.5,175.06396484375 l 50,0 l 0,25.3427734375 l-50 0 z\\" fill=\\"#fffbf9\\" stroke=\\"#3b4044\\"></path><path opacity=\\"1\\" stroke-width=\\"1\\" stroke-opacity=\\"1\\" fill-opacity=\\"1\\" d=\\"M 82.5,175.06396484375 l 116,0 l 0,25.3427734375 l-116 0 z\\" fill=\\"#fffbf9\\" stroke=\\"#3b4044\\"></path><path opacity=\\"1\\" stroke-width=\\"1\\" stroke-opacity=\\"1\\" fill-opacity=\\"1\\" d=\\"M -0.5,175.06396484375 l 33,0 l 0,25.3427734375 l-33 0 z\\" fill=\\"#fffbf9\\" stroke=\\"#3b4044\\"></path><text alignment-baseline=\\"central\\" text-anchor=\\"left\\" opacity=\\"1\\" stroke-width=\\"1\\" stroke-opacity=\\"1\\" fill-opacity=\\"1\\" x=\\"-0.5\\" y=\\"149.45458984375\\" font-size=\\"11.9\\" font-family=\\"sans-serif\\" font-style=\\"normal\\" font-weight=\\"normal\\" font-variant=\\"normal\\" width=\\"18\\" height=\\"10.0419921875\\" fill=\\"#3b4044\\" id=\\"entity-ORDER-attr-1-key\\" paint-order=\\"stroke\\" style=\\"stroke-linecap:butt; stroke-linejoin:miter;\\" stroke=\\"none\\" class=\\"er__entity-label\\" transform=\\"matrix(1,0,0,1,7.5,38.28076171875)\\">PK</text><text alignment-baseline=\\"central\\" text-anchor=\\"left\\" opacity=\\"1\\" stroke-width=\\"1\\" stroke-opacity=\\"1\\" fill-opacity=\\"1\\" x=\\"-0.5\\" y=\\"149.45458984375\\" font-size=\\"11.9\\" font-family=\\"sans-serif\\" font-style=\\"normal\\" font-weight=\\"normal\\" font-variant=\\"normal\\" width=\\"15\\" height=\\"10.158203125\\" fill=\\"#3b4044\\" id=\\"entity-ORDER-attr-1-type\\" paint-order=\\"stroke\\" style=\\"stroke-linecap:butt; stroke-linejoin:miter;\\" stroke=\\"none\\" class=\\"er__entity-label\\" transform=\\"matrix(1,0,0,1,40.5,38.28076171875)\\">int</text><text alignment-baseline=\\"central\\" text-anchor=\\"left\\" opacity=\\"1\\" stroke-width=\\"1\\" stroke-opacity=\\"1\\" fill-opacity=\\"1\\" x=\\"-0.5\\" y=\\"149.45458984375\\" font-size=\\"11.9\\" font-family=\\"sans-serif\\" font-style=\\"normal\\" font-weight=\\"normal\\" font-variant=\\"normal\\" width=\\"85\\" height=\\"10.3427734375\\" fill=\\"#3b4044\\" id=\\"entity-ORDER-attr-1-name\\" paint-order=\\"stroke\\" style=\\"stroke-linecap:butt; stroke-linejoin:miter;\\" stroke=\\"none\\" class=\\"er__entity-label\\" transform=\\"matrix(1,0,0,1,90.5,38.28076171875)\\">orderNumber</text><text alignment-baseline=\\"central\\" text-anchor=\\"left\\" opacity=\\"1\\" stroke-width=\\"1\\" stroke-opacity=\\"1\\" fill-opacity=\\"1\\" x=\\"-0.5\\" y=\\"149.45458984375\\" font-size=\\"11.9\\" font-family=\\"sans-serif\\" font-style=\\"normal\\" font-weight=\\"normal\\" font-variant=\\"normal\\" width=\\"35\\" height=\\"13.138671875\\" fill=\\"#3b4044\\" id=\\"entity-ORDER-attr-2-type\\" paint-order=\\"stroke\\" style=\\"stroke-linecap:butt; stroke-linejoin:miter;\\" stroke=\\"none\\" class=\\"er__entity-label\\" transform=\\"matrix(1,0,0,1,40.5,65.021484375)\\">string</text><text alignment-baseline=\\"central\\" text-anchor=\\"left\\" opacity=\\"1\\" stroke-width=\\"1\\" stroke-opacity=\\"1\\" fill-opacity=\\"1\\" x=\\"-0.5\\" y=\\"149.45458984375\\" font-size=\\"11.9\\" font-family=\\"sans-serif\\" font-style=\\"normal\\" font-weight=\\"normal\\" font-variant=\\"normal\\" width=\\"101\\" height=\\"13.0771484375\\" fill=\\"#3b4044\\" id=\\"entity-ORDER-attr-2-name\\" paint-order=\\"stroke\\" style=\\"stroke-linecap:butt; stroke-linejoin:miter;\\" stroke=\\"none\\" class=\\"er__entity-label\\" transform=\\"matrix(1,0,0,1,90.5,65.021484375)\\">deliveryAddress</text></g></g><g opacity=\\"1\\" class=\\"er__entity\\"><path opacity=\\"1\\" stroke-width=\\"1\\" stroke-opacity=\\"1\\" fill-opacity=\\"1\\" d=\\"M 51,329 l 96,0 a 2,2,0,0,1,2,2 l 0,46 a 2,2,0,0,1,-2,2 l -96,0 a 2,2,0,0,1,-2,-2 l 0,-46 a 2,2,0,0,1,2,-2 z\\" fill=\\"#fdb05e\\" stroke=\\"#3b4044\\" class=\\"er__entity-box\\"></path><text alignment-baseline=\\"central\\" text-anchor=\\"middle\\" opacity=\\"1\\" stroke-width=\\"1\\" stroke-opacity=\\"1\\" fill-opacity=\\"1\\" x=\\"49\\" y=\\"329\\" font-size=\\"14\\" font-family=\\"sans-serif\\" font-style=\\"normal\\" font-weight=\\"bold\\" font-variant=\\"normal\\" fill=\\"#3b4044\\" width=\\"70\\" height=\\"10.0419921875\\" id=\\"entity-LINE-ITEM\\" paint-order=\\"stroke\\" style=\\"stroke-linecap:butt; stroke-linejoin:miter;\\" stroke=\\"none\\" class=\\"er__entity-label\\" transform=\\"matrix(1,0,0,1,50,25)\\">LINE-ITEM</text><g opacity=\\"1\\"></g></g><g opacity=\\"1\\" class=\\"er__entity\\"><path opacity=\\"1\\" stroke-width=\\"1\\" stroke-opacity=\\"1\\" fill-opacity=\\"1\\" d=\\"M 281,164 l 164,0 a 2,2,0,0,1,2,2 l 0,46 a 2,2,0,0,1,-2,2 l -164,0 a 2,2,0,0,1,-2,-2 l 0,-46 a 2,2,0,0,1,2,-2 z\\" fill=\\"#fdb05e\\" stroke=\\"#3b4044\\" class=\\"er__entity-box\\"></path><text alignment-baseline=\\"central\\" text-anchor=\\"middle\\" opacity=\\"1\\" stroke-width=\\"1\\" stroke-opacity=\\"1\\" fill-opacity=\\"1\\" x=\\"279\\" y=\\"164\\" font-size=\\"14\\" font-family=\\"sans-serif\\" font-style=\\"normal\\" font-weight=\\"bold\\" font-variant=\\"normal\\" fill=\\"#3b4044\\" width=\\"138\\" height=\\"10.609375\\" id=\\"entity-DELIVERY-ADDRESS\\" paint-order=\\"stroke\\" style=\\"stroke-linecap:butt; stroke-linejoin:miter;\\" stroke=\\"none\\" class=\\"er__entity-label\\" transform=\\"matrix(1,0,0,1,84,25)\\">DELIVERY-ADDRESS</text><g opacity=\\"1\\"></g></g></g></svg>"`;
